Archive member included to satisfy reference by file (symbol)

c:/users/vd180005d/desktop/mips/gnu mcu/arm-none-eabi-gcc-10.2.1-1.1/bin/../lib/gcc/arm-none-eabi/10.2.1/../../../../arm-none-eabi/lib/thumb/v7-m/nofp\libc_nano.a(lib_a-exit.o)
                              c:/users/vd180005d/desktop/mips/gnu mcu/arm-none-eabi-gcc-10.2.1-1.1/bin/../lib/gcc/arm-none-eabi/10.2.1/../../../../arm-none-eabi/lib/thumb/v7-m/nofp/crt0.o (exit)
c:/users/vd180005d/desktop/mips/gnu mcu/arm-none-eabi-gcc-10.2.1-1.1/bin/../lib/gcc/arm-none-eabi/10.2.1/../../../../arm-none-eabi/lib/thumb/v7-m/nofp\libc_nano.a(lib_a-impure.o)
                              c:/users/vd180005d/desktop/mips/gnu mcu/arm-none-eabi-gcc-10.2.1-1.1/bin/../lib/gcc/arm-none-eabi/10.2.1/../../../../arm-none-eabi/lib/thumb/v7-m/nofp\libc_nano.a(lib_a-exit.o) (_global_impure_ptr)
c:/users/vd180005d/desktop/mips/gnu mcu/arm-none-eabi-gcc-10.2.1-1.1/bin/../lib/gcc/arm-none-eabi/10.2.1/../../../../arm-none-eabi/lib/thumb/v7-m/nofp\libc_nano.a(lib_a-init.o)
                              c:/users/vd180005d/desktop/mips/gnu mcu/arm-none-eabi-gcc-10.2.1-1.1/bin/../lib/gcc/arm-none-eabi/10.2.1/../../../../arm-none-eabi/lib/thumb/v7-m/nofp/crt0.o (__libc_init_array)
c:/users/vd180005d/desktop/mips/gnu mcu/arm-none-eabi-gcc-10.2.1-1.1/bin/../lib/gcc/arm-none-eabi/10.2.1/../../../../arm-none-eabi/lib/thumb/v7-m/nofp\libc_nano.a(lib_a-memset.o)
                              c:/users/vd180005d/desktop/mips/gnu mcu/arm-none-eabi-gcc-10.2.1-1.1/bin/../lib/gcc/arm-none-eabi/10.2.1/../../../../arm-none-eabi/lib/thumb/v7-m/nofp/crt0.o (memset)
c:/users/vd180005d/desktop/mips/gnu mcu/arm-none-eabi-gcc-10.2.1-1.1/bin/../lib/gcc/arm-none-eabi/10.2.1/../../../../arm-none-eabi/lib/thumb/v7-m/nofp\libnosys.a(_exit.o)
                              c:/users/vd180005d/desktop/mips/gnu mcu/arm-none-eabi-gcc-10.2.1-1.1/bin/../lib/gcc/arm-none-eabi/10.2.1/../../../../arm-none-eabi/lib/thumb/v7-m/nofp\libc_nano.a(lib_a-exit.o) (_exit)

Discarded input sections

 .text          0x0000000000000000        0x0 c:/users/vd180005d/desktop/mips/gnu mcu/arm-none-eabi-gcc-10.2.1-1.1/bin/../lib/gcc/arm-none-eabi/10.2.1/thumb/v7-m/nofp/crti.o
 .data          0x0000000000000000        0x0 c:/users/vd180005d/desktop/mips/gnu mcu/arm-none-eabi-gcc-10.2.1-1.1/bin/../lib/gcc/arm-none-eabi/10.2.1/thumb/v7-m/nofp/crti.o
 .bss           0x0000000000000000        0x0 c:/users/vd180005d/desktop/mips/gnu mcu/arm-none-eabi-gcc-10.2.1-1.1/bin/../lib/gcc/arm-none-eabi/10.2.1/thumb/v7-m/nofp/crti.o
 .text          0x0000000000000000        0x0 c:/users/vd180005d/desktop/mips/gnu mcu/arm-none-eabi-gcc-10.2.1-1.1/bin/../lib/gcc/arm-none-eabi/10.2.1/thumb/v7-m/nofp/crtbegin.o
 .data          0x0000000000000000        0x0 c:/users/vd180005d/desktop/mips/gnu mcu/arm-none-eabi-gcc-10.2.1-1.1/bin/../lib/gcc/arm-none-eabi/10.2.1/thumb/v7-m/nofp/crtbegin.o
 .bss           0x0000000000000000        0x0 c:/users/vd180005d/desktop/mips/gnu mcu/arm-none-eabi-gcc-10.2.1-1.1/bin/../lib/gcc/arm-none-eabi/10.2.1/thumb/v7-m/nofp/crtbegin.o
 .rodata.all_implied_fbits
                0x0000000000000000       0x24 c:/users/vd180005d/desktop/mips/gnu mcu/arm-none-eabi-gcc-10.2.1-1.1/bin/../lib/gcc/arm-none-eabi/10.2.1/thumb/v7-m/nofp/crtbegin.o
 .data.__dso_handle
                0x0000000000000000        0x4 c:/users/vd180005d/desktop/mips/gnu mcu/arm-none-eabi-gcc-10.2.1-1.1/bin/../lib/gcc/arm-none-eabi/10.2.1/thumb/v7-m/nofp/crtbegin.o
 .text          0x0000000000000000       0x7c c:/users/vd180005d/desktop/mips/gnu mcu/arm-none-eabi-gcc-10.2.1-1.1/bin/../lib/gcc/arm-none-eabi/10.2.1/../../../../arm-none-eabi/lib/thumb/v7-m/nofp/crt0.o
 .data          0x0000000000000000        0x0 c:/users/vd180005d/desktop/mips/gnu mcu/arm-none-eabi-gcc-10.2.1-1.1/bin/../lib/gcc/arm-none-eabi/10.2.1/../../../../arm-none-eabi/lib/thumb/v7-m/nofp/crt0.o
 .bss           0x0000000000000000        0x0 c:/users/vd180005d/desktop/mips/gnu mcu/arm-none-eabi-gcc-10.2.1-1.1/bin/../lib/gcc/arm-none-eabi/10.2.1/../../../../arm-none-eabi/lib/thumb/v7-m/nofp/crt0.o
 .ARM.extab     0x0000000000000000        0x0 c:/users/vd180005d/desktop/mips/gnu mcu/arm-none-eabi-gcc-10.2.1-1.1/bin/../lib/gcc/arm-none-eabi/10.2.1/../../../../arm-none-eabi/lib/thumb/v7-m/nofp/crt0.o
 .ARM.exidx     0x0000000000000000       0x10 c:/users/vd180005d/desktop/mips/gnu mcu/arm-none-eabi-gcc-10.2.1-1.1/bin/../lib/gcc/arm-none-eabi/10.2.1/../../../../arm-none-eabi/lib/thumb/v7-m/nofp/crt0.o
 .ARM.attributes
                0x0000000000000000       0x1b c:/users/vd180005d/desktop/mips/gnu mcu/arm-none-eabi-gcc-10.2.1-1.1/bin/../lib/gcc/arm-none-eabi/10.2.1/../../../../arm-none-eabi/lib/thumb/v7-m/nofp/crt0.o
 .text          0x0000000000000000        0x0 build/main.o
 .data          0x0000000000000000        0x0 build/main.o
 .bss           0x0000000000000000        0x0 build/main.o
 .text          0x0000000000000000        0x0 build/gpio.o
[...]
Memory Configuration

Name             Origin             Length             Attributes
RAM              0x0000000020000000 0x0000000000002800 xrw
FLASH            0x0000000008000000 0x0000000000008000 xr
*default*        0x0000000000000000 0xffffffffffffffff

Linker script and memory map

LOAD c:/users/vd180005d/desktop/mips/gnu mcu/arm-none-eabi-gcc-10.2.1-1.1/bin/../lib/gcc/arm-none-eabi/10.2.1/thumb/v7-m/nofp/crti.o
LOAD c:/users/vd180005d/desktop/mips/gnu mcu/arm-none-eabi-gcc-10.2.1-1.1/bin/../lib/gcc/arm-none-eabi/10.2.1/thumb/v7-m/nofp/crtbegin.o
LOAD c:/users/vd180005d/desktop/mips/gnu mcu/arm-none-eabi-gcc-10.2.1-1.1/bin/../lib/gcc/arm-none-eabi/10.2.1/../../../../arm-none-eabi/lib/thumb/v7-m/nofp/crt0.o
LOAD build/main.o
LOAD build/gpio.o
LOAD build/stm32f1xx_it.o
LOAD build/stm32f1xx_hal_msp.o
LOAD build/stm32f1xx_hal_gpio_ex.o
LOAD build/stm32f1xx_hal_tim.o
LOAD build/stm32f1xx_hal_tim_ex.o
LOAD build/stm32f1xx_hal.o
LOAD build/stm32f1xx_hal_rcc.o
LOAD build/stm32f1xx_hal_rcc_ex.o
LOAD build/stm32f1xx_hal_gpio.o
LOAD build/stm32f1xx_hal_dma.o
LOAD build/stm32f1xx_hal_cortex.o
LOAD build/stm32f1xx_hal_pwr.o
LOAD build/stm32f1xx_hal_flash.o
LOAD build/stm32f1xx_hal_flash_ex.o
LOAD build/stm32f1xx_hal_exti.o
LOAD build/system_stm32f1xx.o
LOAD build/tim.o
LOAD build/startup_stm32f103x6_init.o
LOAD c:/users/vd180005d/desktop/mips/gnu mcu/arm-none-eabi-gcc-10.2.1-1.1/bin/../lib/gcc/arm-none-eabi/10.2.1/../../../../arm-none-eabi/lib/thumb/v7-m/nofp\libc_nano.a
LOAD c:/users/vd180005d/desktop/mips/gnu mcu/arm-none-eabi-gcc-10.2.1-1.1/bin/../lib/gcc/arm-none-eabi/10.2.1/../../../../arm-none-eabi/lib/thumb/v7-m/nofp\libm.a
LOAD c:/users/vd180005d/desktop/mips/gnu mcu/arm-none-eabi-gcc-10.2.1-1.1/bin/../lib/gcc/arm-none-eabi/10.2.1/../../../../arm-none-eabi/lib/thumb/v7-m/nofp\libnosys.a
START GROUP
LOAD c:/users/vd180005d/desktop/mips/gnu mcu/arm-none-eabi-gcc-10.2.1-1.1/bin/../lib/gcc/arm-none-eabi/10.2.1/thumb/v7-m/nofp\libgcc.a
LOAD c:/users/vd180005d/desktop/mips/gnu mcu/arm-none-eabi-gcc-10.2.1-1.1/bin/../lib/gcc/arm-none-eabi/10.2.1/../../../../arm-none-eabi/lib/thumb/v7-m/nofp\libc_nano.a
END GROUP
START GROUP
LOAD c:/users/vd180005d/desktop/mips/gnu mcu/arm-none-eabi-gcc-10.2.1-1.1/bin/../lib/gcc/arm-none-eabi/10.2.1/thumb/v7-m/nofp\libgcc.a
LOAD c:/users/vd180005d/desktop/mips/gnu mcu/arm-none-eabi-gcc-10.2.1-1.1/bin/../lib/gcc/arm-none-eabi/10.2.1/../../../../arm-none-eabi/lib/thumb/v7-m/nofp\libc_nano.a
END GROUP
LOAD c:/users/vd180005d/desktop/mips/gnu mcu/arm-none-eabi-gcc-10.2.1-1.1/bin/../lib/gcc/arm-none-eabi/10.2.1/thumb/v7-m/nofp/crtend.o
LOAD c:/users/vd180005d/desktop/mips/gnu mcu/arm-none-eabi-gcc-10.2.1-1.1/bin/../lib/gcc/arm-none-eabi/10.2.1/thumb/v7-m/nofp/crtn.o
                0x0000000020002800                _estack = 0x20002800
                0x0000000000000200                _Min_Heap_Size = 0x200
                0x0000000000000400                _Min_Stack_Size = 0x400

.isr_vector     0x0000000008000000      0x10c
                0x0000000008000000                . = ALIGN (0x4)
 *(.isr_vector)
 .isr_vector    0x0000000008000000      0x10c build/startup_stm32f103x6_init.o
                0x0000000008000000                g_pfnVectors
                0x000000000800010c                . = ALIGN (0x4)

.text           0x000000000800010c     0x1d98
                0x000000000800010c                . = ALIGN (0x4)
 *(.text)
 *(.text*)
 .text.__do_global_dtors_aux
                0x000000000800010c       0x24 c:/users/vd180005d/desktop/mips/gnu mcu/arm-none-eabi-gcc-10.2.1-1.1/bin/../lib/gcc/arm-none-eabi/10.2.1/thumb/v7-m/nofp/crtbegin.o
 .text.frame_dummy
                0x0000000008000130       0x1c c:/users/vd180005d/desktop/mips/gnu mcu/arm-none-eabi-gcc-10.2.1-1.1/bin/../lib/gcc/arm-none-eabi/10.2.1/thumb/v7-m/nofp/crtbegin.o
 .text.Error_Handler
                0x000000000800014c        0x4 build/main.o
                0x000000000800014c                Error_Handler
 .text.SystemClock_Config
                0x0000000008000150       0x52 build/main.o
                0x0000000008000150                SystemClock_Config
 *fill*         0x00000000080001a2        0x2 
 .text.main     0x00000000080001a4       0x48 build/main.o
                0x00000000080001a4                main
 .text.MX_GPIO_Init
                0x00000000080001ec       0xf4 build/gpio.o
                0x00000000080001ec                MX_GPIO_Init
 .text.NMI_Handler
                0x00000000080002e0        0x2 build/stm32f1xx_it.o
                0x00000000080002e0                NMI_Handler
 .text.HardFault_Handler
                0x00000000080002e2        0x2 build/stm32f1xx_it.o
                0x00000000080002e2                HardFault_Handler
 .text.MemManage_Handler
                0x00000000080002e4        0x2 build/stm32f1xx_it.o
                0x00000000080002e4                MemManage_Handler
 .text.BusFault_Handler
                0x00000000080002e6        0x2 build/stm32f1xx_it.o
                0x00000000080002e6                BusFault_Handler
 .text.UsageFault_Handler
                0x00000000080002e8        0x2 build/stm32f1xx_it.o
                0x00000000080002e8                UsageFault_Handler
 .text.SVC_Handler
                0x00000000080002ea        0x2 build/stm32f1xx_it.o
                0x00000000080002ea                SVC_Handler
 .text.DebugMon_Handler
                0x00000000080002ec        0x2 build/stm32f1xx_it.o
                0x00000000080002ec                DebugMon_Handler
 .text.PendSV_Handler
                0x00000000080002ee        0x2 build/stm32f1xx_it.o
                0x00000000080002ee                PendSV_Handler
 .text.SysTick_Handler
                0x00000000080002f0        0x8 build/stm32f1xx_it.o
                0x00000000080002f0                SysTick_Handler
 .text.EXTI0_IRQHandler
                0x00000000080002f8        0xa build/stm32f1xx_it.o
                0x00000000080002f8                EXTI0_IRQHandler
 .text.EXTI2_IRQHandler
                0x0000000008000302        0xa build/stm32f1xx_it.o
                0x0000000008000302                EXTI2_IRQHandler
 .text.TIM1_UP_IRQHandler
                0x000000000800030c       0x10 build/stm32f1xx_it.o
                0x000000000800030c                TIM1_UP_IRQHandler
 .text.TIM3_IRQHandler
                0x000000000800031c       0x10 build/stm32f1xx_it.o
                0x000000000800031c                TIM3_IRQHandler
 .text.HAL_GPIO_EXTI_Callback
                0x000000000800032c       0x60 build/stm32f1xx_it.o
                0x000000000800032c                HAL_GPIO_EXTI_Callback
 .text.HAL_TIM_PeriodElapsedCallback
                0x000000000800038c      0x11c build/stm32f1xx_it.o
                0x000000000800038c                HAL_TIM_PeriodElapsedCallback
 .text.HAL_TIM_IC_CaptureCallback
                0x00000000080004a8       0xec build/stm32f1xx_it.o
                0x00000000080004a8                HAL_TIM_IC_CaptureCallback
 .text.HAL_MspInit
                0x0000000008000594       0x44 build/stm32f1xx_hal_msp.o
                0x0000000008000594                HAL_MspInit
 .text.TIM_OC1_SetConfig
                0x00000000080005d8       0x5c build/stm32f1xx_hal_tim.o
 .text.TIM_OC3_SetConfig
                0x0000000008000634       0x64 build/stm32f1xx_hal_tim.o
 .text.TIM_OC4_SetConfig
                0x0000000008000698       0x48 build/stm32f1xx_hal_tim.o
 .text.TIM_TI1_ConfigInputStage
                0x00000000080006e0       0x24 build/stm32f1xx_hal_tim.o
 .text.TIM_TI2_SetConfig
                0x0000000008000704       0x36 build/stm32f1xx_hal_tim.o
 .text.TIM_TI2_ConfigInputStage
                0x000000000800073a       0x26 build/stm32f1xx_hal_tim.o
 .text.TIM_TI3_SetConfig
                0x0000000008000760       0x36 build/stm32f1xx_hal_tim.o
 .text.TIM_TI4_SetConfig
                0x0000000008000796       0x36 build/stm32f1xx_hal_tim.o
 .text.TIM_ITRx_SetConfig
                0x00000000080007cc       0x10 build/stm32f1xx_hal_tim.o
 .text.HAL_TIM_Base_Start_IT
                0x00000000080007dc       0x60 build/stm32f1xx_hal_tim.o
                0x00000000080007dc                HAL_TIM_Base_Start_IT
 .text.HAL_TIM_PWM_MspInit
                0x000000000800083c        0x2 build/stm32f1xx_hal_tim.o
                0x000000000800083c                HAL_TIM_PWM_MspInit
 .text.HAL_TIM_IC_MspInit
                0x000000000800083e        0x2 build/stm32f1xx_hal_tim.o
                0x000000000800083e                HAL_TIM_IC_MspInit
 .text.HAL_TIM_ReadCapturedValue
                0x0000000008000840       0x32 build/stm32f1xx_hal_tim.o
                0x0000000008000840                HAL_TIM_ReadCapturedValue
 .text.HAL_TIM_OC_DelayElapsedCallback
                0x0000000008000872        0x2 build/stm32f1xx_hal_tim.o
                0x0000000008000872                HAL_TIM_OC_DelayElapsedCallback
 .text.HAL_TIM_PWM_PulseFinishedCallback
                0x0000000008000874        0x2 build/stm32f1xx_hal_tim.o
                0x0000000008000874                HAL_TIM_PWM_PulseFinishedCallback
 .text.HAL_TIM_TriggerCallback
                0x0000000008000876        0x2 build/stm32f1xx_hal_tim.o
                0x0000000008000876                HAL_TIM_TriggerCallback
 .text.HAL_TIM_IRQHandler
                0x0000000008000878      0x17a build/stm32f1xx_hal_tim.o
                0x0000000008000878                HAL_TIM_IRQHandler
 *fill*         0x00000000080009f2        0x2 
 .text.TIM_Base_SetConfig
                0x00000000080009f4       0x64 build/stm32f1xx_hal_tim.o
                0x00000000080009f4                TIM_Base_SetConfig
 .text.HAL_TIM_Base_Init
                0x0000000008000a58       0x58 build/stm32f1xx_hal_tim.o
                0x0000000008000a58                HAL_TIM_Base_Init
 .text.HAL_TIM_PWM_Init
                0x0000000008000ab0       0x58 build/stm32f1xx_hal_tim.o
                0x0000000008000ab0                HAL_TIM_PWM_Init
 .text.HAL_TIM_IC_Init
                0x0000000008000b08       0x58 build/stm32f1xx_hal_tim.o
                0x0000000008000b08                HAL_TIM_IC_Init
 .text.TIM_OC2_SetConfig
                0x0000000008000b60       0x64 build/stm32f1xx_hal_tim.o
                0x0000000008000b60                TIM_OC2_SetConfig
 .text.HAL_TIM_PWM_ConfigChannel
                0x0000000008000bc4       0xd0 build/stm32f1xx_hal_tim.o
                0x0000000008000bc4                HAL_TIM_PWM_ConfigChannel
 .text.TIM_TI1_SetConfig
                0x0000000008000c94       0x50 build/stm32f1xx_hal_tim.o
                0x0000000008000c94                TIM_TI1_SetConfig
 .text.HAL_TIM_IC_ConfigChannel
                0x0000000008000ce4       0xb4 build/stm32f1xx_hal_tim.o
                0x0000000008000ce4                HAL_TIM_IC_ConfigChannel
 .text.TIM_ETR_SetConfig
                0x0000000008000d98       0x18 build/stm32f1xx_hal_tim.o
                0x0000000008000d98                TIM_ETR_SetConfig
 .text.HAL_TIM_ConfigClockSource
                0x0000000008000db0       0xda build/stm32f1xx_hal_tim.o
                0x0000000008000db0                HAL_TIM_ConfigClockSource
 .text.TIM_CCxChannelCmd
                0x0000000008000e8a       0x1e build/stm32f1xx_hal_tim.o
                0x0000000008000e8a                TIM_CCxChannelCmd
 .text.HAL_TIM_OC_Start
                0x0000000008000ea8       0xd4 build/stm32f1xx_hal_tim.o
                0x0000000008000ea8                HAL_TIM_OC_Start
 .text.HAL_TIM_IC_Start_IT
                0x0000000008000f7c      0x148 build/stm32f1xx_hal_tim.o
                0x0000000008000f7c                HAL_TIM_IC_Start_IT
 .text.HAL_TIMEx_MasterConfigSynchronization
                0x00000000080010c4       0x64 build/stm32f1xx_hal_tim_ex.o
                0x00000000080010c4                HAL_TIMEx_MasterConfigSynchronization
 .text.HAL_TIMEx_ConfigBreakDeadTime
                0x0000000008001128       0x52 build/stm32f1xx_hal_tim_ex.o
                0x0000000008001128                HAL_TIMEx_ConfigBreakDeadTime
 .text.HAL_TIMEx_CommutCallback
                0x000000000800117a        0x2 build/stm32f1xx_hal_tim_ex.o
                0x000000000800117a                HAL_TIMEx_CommutCallback
 .text.HAL_TIMEx_BreakCallback
                0x000000000800117c        0x2 build/stm32f1xx_hal_tim_ex.o
                0x000000000800117c                HAL_TIMEx_BreakCallback
 *fill*         0x000000000800117e        0x2 
 .text.HAL_InitTick
                0x0000000008001180       0x4c build/stm32f1xx_hal.o
                0x0000000008001180                HAL_InitTick
 .text.HAL_Init
                0x00000000080011cc       0x24 build/stm32f1xx_hal.o
                0x00000000080011cc                HAL_Init
 .text.HAL_IncTick
                0x00000000080011f0       0x18 build/stm32f1xx_hal.o
                0x00000000080011f0                HAL_IncTick
 .text.HAL_GetTick
                0x0000000008001208        0xc build/stm32f1xx_hal.o
                0x0000000008001208                HAL_GetTick
 .text.RCC_Delay
                0x0000000008001214       0x2c build/stm32f1xx_hal_rcc.o
 .text.HAL_RCC_OscConfig
                0x0000000008001240      0x410 build/stm32f1xx_hal_rcc.o
                0x0000000008001240                HAL_RCC_OscConfig
 .text.HAL_RCC_GetSysClockFreq
                0x0000000008001650       0x6c build/stm32f1xx_hal_rcc.o
                0x0000000008001650                HAL_RCC_GetSysClockFreq
 .text.HAL_RCC_ClockConfig
                0x00000000080016bc      0x16c build/stm32f1xx_hal_rcc.o
                0x00000000080016bc                HAL_RCC_ClockConfig
 .text.HAL_GPIO_Init
                0x0000000008001828      0x220 build/stm32f1xx_hal_gpio.o
                0x0000000008001828                HAL_GPIO_Init
 .text.HAL_GPIO_WritePin
                0x0000000008001a48        0xc build/stm32f1xx_hal_gpio.o
                0x0000000008001a48                HAL_GPIO_WritePin
 .text.HAL_GPIO_TogglePin
                0x0000000008001a54       0x12 build/stm32f1xx_hal_gpio.o
                0x0000000008001a54                HAL_GPIO_TogglePin
 *fill*         0x0000000008001a66        0x2 
 .text.HAL_GPIO_EXTI_IRQHandler
                0x0000000008001a68       0x1c build/stm32f1xx_hal_gpio.o
                0x0000000008001a68                HAL_GPIO_EXTI_IRQHandler
 .text.HAL_NVIC_SetPriorityGrouping
                0x0000000008001a84       0x24 build/stm32f1xx_hal_cortex.o
                0x0000000008001a84                HAL_NVIC_SetPriorityGrouping
 .text.HAL_NVIC_SetPriority
                0x0000000008001aa8       0x70 build/stm32f1xx_hal_cortex.o
                0x0000000008001aa8                HAL_NVIC_SetPriority
 .text.HAL_NVIC_EnableIRQ
                0x0000000008001b18       0x1c build/stm32f1xx_hal_cortex.o
                0x0000000008001b18                HAL_NVIC_EnableIRQ
 .text.HAL_SYSTICK_Config
                0x0000000008001b34       0x28 build/stm32f1xx_hal_cortex.o
                0x0000000008001b34                HAL_SYSTICK_Config
 .text.SystemInit
                0x0000000008001b5c        0x2 build/system_stm32f1xx.o
                0x0000000008001b5c                SystemInit
 *fill*         0x0000000008001b5e        0x2 
 .text.MX_TIM3_Init
                0x0000000008001b60       0xb4 build/tim.o
                0x0000000008001b60                MX_TIM3_Init
 .text.HAL_TIM_Base_MspInit
                0x0000000008001c14       0x9c build/tim.o
                0x0000000008001c14                HAL_TIM_Base_MspInit
 .text.HAL_TIM_MspPostInit
                0x0000000008001cb0       0x50 build/tim.o
                0x0000000008001cb0                HAL_TIM_MspPostInit
 .text.MX_TIM1_Init
                0x0000000008001d00       0xe8 build/tim.o
                0x0000000008001d00                MX_TIM1_Init
 .text.Reset_Handler
                0x0000000008001de8       0x48 build/startup_stm32f103x6_init.o
                0x0000000008001de8                Reset_Handler
 .text.Default_Handler
                0x0000000008001e30        0x2 build/startup_stm32f103x6_init.o
                0x0000000008001e30                RTC_Alarm_IRQHandler
                0x0000000008001e30                TIM1_CC_IRQHandler
                0x0000000008001e30                PVD_IRQHandler
                0x0000000008001e30                EXTI3_IRQHandler
                0x0000000008001e30                ADC1_2_IRQHandler
                0x0000000008001e30                SPI1_IRQHandler
                0x0000000008001e30                TAMPER_IRQHandler
                0x0000000008001e30                DMA1_Channel4_IRQHandler
                0x0000000008001e30                RTC_IRQHandler
                0x0000000008001e30                DMA1_Channel7_IRQHandler
                0x0000000008001e30                CAN1_RX1_IRQHandler
                0x0000000008001e30                I2C1_EV_IRQHandler
                0x0000000008001e30                DMA1_Channel6_IRQHandler
                0x0000000008001e30                RCC_IRQHandler
                0x0000000008001e30                TIM1_TRG_COM_IRQHandler
                0x0000000008001e30                DMA1_Channel1_IRQHandler
                0x0000000008001e30                Default_Handler
                0x0000000008001e30                EXTI15_10_IRQHandler
                0x0000000008001e30                EXTI9_5_IRQHandler
                0x0000000008001e30                DMA1_Channel5_IRQHandler
                0x0000000008001e30                EXTI4_IRQHandler
                0x0000000008001e30                USB_LP_CAN1_RX0_IRQHandler
                0x0000000008001e30                USB_HP_CAN1_TX_IRQHandler
                0x0000000008001e30                DMA1_Channel3_IRQHandler
                0x0000000008001e30                WWDG_IRQHandler
                0x0000000008001e30                TIM2_IRQHandler
                0x0000000008001e30                TIM1_BRK_IRQHandler
                0x0000000008001e30                EXTI1_IRQHandler
                0x0000000008001e30                USART2_IRQHandler
                0x0000000008001e30                DMA1_Channel2_IRQHandler
                0x0000000008001e30                CAN1_SCE_IRQHandler
                0x0000000008001e30                FLASH_IRQHandler
                0x0000000008001e30                USART1_IRQHandler
                0x0000000008001e30                I2C1_ER_IRQHandler
                0x0000000008001e30                USBWakeUp_IRQHandler
 *fill*         0x0000000008001e32        0x2 
 .text.__libc_init_array
                0x0000000008001e34       0x48 c:/users/vd180005d/desktop/mips/gnu mcu/arm-none-eabi-gcc-10.2.1-1.1/bin/../lib/gcc/arm-none-eabi/10.2.1/../../../../arm-none-eabi/lib/thumb/v7-m/nofp\libc_nano.a(lib_a-init.o)
                0x0000000008001e34                __libc_init_array
 .text.memset   0x0000000008001e7c       0x10 c:/users/vd180005d/desktop/mips/gnu mcu/arm-none-eabi-gcc-10.2.1-1.1/bin/../lib/gcc/arm-none-eabi/10.2.1/../../../../arm-none-eabi/lib/thumb/v7-m/nofp\libc_nano.a(lib_a-memset.o)
                0x0000000008001e7c                memset
 *(.glue_7)
 .glue_7        0x0000000008001e8c        0x0 linker stubs
 *(.glue_7t)
 .glue_7t       0x0000000008001e8c        0x0 linker stubs
 *(.eh_frame)
 .eh_frame      0x0000000008001e8c        0x0 c:/users/vd180005d/desktop/mips/gnu mcu/arm-none-eabi-gcc-10.2.1-1.1/bin/../lib/gcc/arm-none-eabi/10.2.1/thumb/v7-m/nofp/crtbegin.o
 *(.init)
 .init          0x0000000008001e8c        0x4 c:/users/vd180005d/desktop/mips/gnu mcu/arm-none-eabi-gcc-10.2.1-1.1/bin/../lib/gcc/arm-none-eabi/10.2.1/thumb/v7-m/nofp/crti.o
                0x0000000008001e8c                _init
 .init          0x0000000008001e90        0x8 c:/users/vd180005d/desktop/mips/gnu mcu/arm-none-eabi-gcc-10.2.1-1.1/bin/../lib/gcc/arm-none-eabi/10.2.1/thumb/v7-m/nofp/crtn.o
 *(.fini)
 .fini          0x0000000008001e98        0x4 c:/users/vd180005d/desktop/mips/gnu mcu/arm-none-eabi-gcc-10.2.1-1.1/bin/../lib/gcc/arm-none-eabi/10.2.1/thumb/v7-m/nofp/crti.o
                0x0000000008001e98                _fini
 .fini          0x0000000008001e9c        0x8 c:/users/vd180005d/desktop/mips/gnu mcu/arm-none-eabi-gcc-10.2.1-1.1/bin/../lib/gcc/arm-none-eabi/10.2.1/thumb/v7-m/nofp/crtn.o
                0x0000000008001ea4                . = ALIGN (0x4)
                0x0000000008001ea4                _etext = .

.vfp11_veneer   0x0000000008001ea4        0x0
 .vfp11_veneer  0x0000000008001ea4        0x0 linker stubs

.v4_bx          0x0000000008001ea4        0x0
 .v4_bx         0x0000000008001ea4        0x0 linker stubs

.iplt           0x0000000008001ea4        0x0
 .iplt          0x0000000008001ea4        0x0 c:/users/vd180005d/desktop/mips/gnu mcu/arm-none-eabi-gcc-10.2.1-1.1/bin/../lib/gcc/arm-none-eabi/10.2.1/thumb/v7-m/nofp/crtbegin.o

.rodata         0x0000000008001ea4       0x24
                0x0000000008001ea4                . = ALIGN (0x4)
 *(.rodata)
 *(.rodata*)
 .rodata.HAL_RCC_GetSysClockFreq.str1.4
                0x0000000008001ea4       0x11 build/stm32f1xx_hal_rcc.o
 *fill*         0x0000000008001eb5        0x3 
 .rodata.AHBPrescTable
                0x0000000008001eb8       0x10 build/system_stm32f1xx.o
                0x0000000008001eb8                AHBPrescTable
                0x0000000008001ec8                . = ALIGN (0x4)

.rel.dyn        0x0000000008001ec8        0x0
 .rel.iplt      0x0000000008001ec8        0x0 c:/users/vd180005d/desktop/mips/gnu mcu/arm-none-eabi-gcc-10.2.1-1.1/bin/../lib/gcc/arm-none-eabi/10.2.1/thumb/v7-m/nofp/crtbegin.o

.ARM.extab
 *(.ARM.extab* .gnu.linkonce.armextab.*)

.ARM            0x0000000008001ec8        0x0
                0x0000000008001ec8                __exidx_start = .
 *(.ARM.exidx*)
                0x0000000008001ec8                __exidx_end = .

.preinit_array  0x0000000008001ec8        0x0
                0x0000000008001ec8                PROVIDE (__preinit_array_start = .)
 *(.preinit_array*)
                0x0000000008001ec8                PROVIDE (__preinit_array_end = .)

.init_array     0x0000000008001ec8        0x4
                0x0000000008001ec8                PROVIDE (__init_array_start = .)
 *(SORT_BY_NAME(.init_array.*))
 *(.init_array*)
 .init_array    0x0000000008001ec8        0x4 c:/users/vd180005d/desktop/mips/gnu mcu/arm-none-eabi-gcc-10.2.1-1.1/bin/../lib/gcc/arm-none-eabi/10.2.1/thumb/v7-m/nofp/crtbegin.o
                0x0000000008001ecc                PROVIDE (__init_array_end = .)

.fini_array     0x0000000008001ecc        0x4
                [!provide]                        PROVIDE (__fini_array_start = .)
 *(SORT_BY_NAME(.fini_array.*))
 *(.fini_array*)
 .fini_array    0x0000000008001ecc        0x4 c:/users/vd180005d/desktop/mips/gnu mcu/arm-none-eabi-gcc-10.2.1-1.1/bin/../lib/gcc/arm-none-eabi/10.2.1/thumb/v7-m/nofp/crtbegin.o
                [!provide]                        PROVIDE (__fini_array_end = .)
                0x0000000008001ed0                _sidata = LOADADDR (.data)

.data           0x0000000020000000       0x18 load address 0x0000000008001ed0
                0x0000000020000000                . = ALIGN (0x4)
                0x0000000020000000                _sdata = .
 *(.data)
 *(.data*)
 .data.cifre    0x0000000020000000        0x4 build/stm32f1xx_it.o
                0x0000000020000000                cifre
 .data.seven_seg
                0x0000000020000004        0xa build/stm32f1xx_it.o
                0x0000000020000004                seven_seg
 .data.uwTickFreq
                0x000000002000000e        0x1 build/stm32f1xx_hal.o
                0x000000002000000e                uwTickFreq
 *fill*         0x000000002000000f        0x1 
 .data.uwTickPrio
                0x0000000020000010        0x4 build/stm32f1xx_hal.o
                0x0000000020000010                uwTickPrio
 .data.SystemCoreClock
                0x0000000020000014        0x4 build/system_stm32f1xx.o
                0x0000000020000014                SystemCoreClock
                0x0000000020000018                . = ALIGN (0x4)
                0x0000000020000018                _edata = .

.igot.plt       0x0000000020000018        0x0 load address 0x0000000008001ee8
 .igot.plt      0x0000000020000018        0x0 c:/users/vd180005d/desktop/mips/gnu mcu/arm-none-eabi-gcc-10.2.1-1.1/bin/../lib/gcc/arm-none-eabi/10.2.1/thumb/v7-m/nofp/crtbegin.o
                0x0000000020000018                . = ALIGN (0x4)

.bss            0x0000000020000018       0xd4 load address 0x0000000008001ee8
                0x0000000020000018                _sbss = .
                0x0000000020000018                __bss_start__ = _sbss
 *(.bss)
 *(.bss*)
 .bss.completed.1
                0x0000000020000018        0x1 c:/users/vd180005d/desktop/mips/gnu mcu/arm-none-eabi-gcc-10.2.1-1.1/bin/../lib/gcc/arm-none-eabi/10.2.1/thumb/v7-m/nofp/crtbegin.o
 *fill*         0x0000000020000019        0x3 
 .bss.object.0  0x000000002000001c       0x18 c:/users/vd180005d/desktop/mips/gnu mcu/arm-none-eabi-gcc-10.2.1-1.1/bin/../lib/gcc/arm-none-eabi/10.2.1/thumb/v7-m/nofp/crtbegin.o
 .bss.compareRegisterValue
                0x0000000020000034        0x4 build/stm32f1xx_it.o
                0x0000000020000034                compareRegisterValue
 .bss.frequency
                0x0000000020000038        0x4 build/stm32f1xx_it.o
                0x0000000020000038                frequency
 .bss.overflowCounter
                0x000000002000003c        0x4 build/stm32f1xx_it.o
                0x000000002000003c                overflowCounter
 .bss.state     0x0000000020000040        0x1 build/stm32f1xx_it.o
                0x0000000020000040                state
 *fill*         0x0000000020000041        0x3 
 .bss.tekuca    0x0000000020000044        0x4 build/stm32f1xx_it.o
                0x0000000020000044                tekuca
 .bss.ticksElapsedActive
                0x0000000020000048        0x4 build/stm32f1xx_it.o
                0x0000000020000048                ticksElapsedActive
 .bss.ticksElapsedPeriod
                0x000000002000004c        0x4 build/stm32f1xx_it.o
                0x000000002000004c                ticksElapsedPeriod
 .bss.timestampEnd
                0x0000000020000050        0x2 build/stm32f1xx_it.o
                0x0000000020000050                timestampEnd
 .bss.timestampFall
                0x0000000020000052        0x2 build/stm32f1xx_it.o
                0x0000000020000052                timestampFall
 .bss.timestampStart
                0x0000000020000054        0x2 build/stm32f1xx_it.o
                0x0000000020000054                timestampStart
 *fill*         0x0000000020000056        0x2 
 .bss.uwTick    0x0000000020000058        0x4 build/stm32f1xx_hal.o
                0x0000000020000058                uwTick
 .bss.htim1     0x000000002000005c       0x48 build/tim.o
                0x000000002000005c                htim1
 .bss.htim3     0x00000000200000a4       0x48 build/tim.o
                0x00000000200000a4                htim3
 *(COMMON)
                0x00000000200000ec                . = ALIGN (0x4)
                0x00000000200000ec                _ebss = .
                0x00000000200000ec                __bss_end__ = _ebss

._user_heap_stack
                0x00000000200000ec      0x604 load address 0x0000000008001ee8
                0x00000000200000f0                . = ALIGN (0x8)
 *fill*         0x00000000200000ec        0x4 
                [!provide]                        PROVIDE (end = .)
                [!provide]                        PROVIDE (_end = .)
                0x00000000200002f0                . = (. + _Min_Heap_Size)
 *fill*         0x00000000200000f0      0x200 
                0x00000000200006f0                . = (. + _Min_Stack_Size)
 *fill*         0x00000000200002f0      0x400 
                0x00000000200006f0                . = ALIGN (0x8)

/DISCARD/
 libc.a(*)
 libm.a(*)
 libgcc.a(*)

.ARM.attributes
                0x0000000000000000       0x29
 *(.ARM.attributes)
 .ARM.attributes
                0x0000000000000000       0x1d c:/users/vd180005d/desktop/mips/gnu mcu/arm-none-eabi-gcc-10.2.1-1.1/bin/../lib/gcc/arm-none-eabi/10.2.1/thumb/v7-m/nofp/crti.o
 .ARM.attributes
                0x000000000000001d       0x2d c:/users/vd180005d/desktop/mips/gnu mcu/arm-none-eabi-gcc-10.2.1-1.1/bin/../lib/gcc/arm-none-eabi/10.2.1/thumb/v7-m/nofp/crtbegin.o
 .ARM.attributes
                0x000000000000004a       0x2d build/main.o
 .ARM.attributes
                0x0000000000000077       0x2d build/gpio.o
 .ARM.attributes
                0x00000000000000a4       0x2d build/stm32f1xx_it.o
 .ARM.attributes
                0x00000000000000d1       0x2d build/stm32f1xx_hal_msp.o
 .ARM.attributes
                0x00000000000000fe       0x2d build/stm32f1xx_hal_tim.o
 .ARM.attributes
                0x000000000000012b       0x2d build/stm32f1xx_hal_tim_ex.o
 .ARM.attributes
                0x0000000000000158       0x2d build/stm32f1xx_hal.o
 .ARM.attributes
                0x0000000000000185       0x2d build/stm32f1xx_hal_rcc.o
 .ARM.attributes
                0x00000000000001b2       0x2d build/stm32f1xx_hal_gpio.o
 .ARM.attributes
                0x00000000000001df       0x2d build/stm32f1xx_hal_cortex.o
 .ARM.attributes
                0x000000000000020c       0x2d build/system_stm32f1xx.o
 .ARM.attributes
                0x0000000000000239       0x2d build/tim.o
 .ARM.attributes
                0x0000000000000266       0x21 build/startup_stm32f103x6_init.o
 .ARM.attributes
                0x0000000000000287       0x2d c:/users/vd180005d/desktop/mips/gnu mcu/arm-none-eabi-gcc-10.2.1-1.1/bin/../lib/gcc/arm-none-eabi/10.2.1/../../../../arm-none-eabi/lib/thumb/v7-m/nofp\libc_nano.a(lib_a-init.o)
 .ARM.attributes
                0x00000000000002b4       0x2d c:/users/vd180005d/desktop/mips/gnu mcu/arm-none-eabi-gcc-10.2.1-1.1/bin/../lib/gcc/arm-none-eabi/10.2.1/../../../../arm-none-eabi/lib/thumb/v7-m/nofp\libc_nano.a(lib_a-memset.o)
 .ARM.attributes
                0x00000000000002e1       0x1d c:/users/vd180005d/desktop/mips/gnu mcu/arm-none-eabi-gcc-10.2.1-1.1/bin/../lib/gcc/arm-none-eabi/10.2.1/thumb/v7-m/nofp/crtn.o
OUTPUT(build/code.elf elf32-littlearm)
LOAD linker stubs
LOAD c:/users/vd180005d/desktop/mips/gnu mcu/arm-none-eabi-gcc-10.2.1-1.1/bin/../lib/gcc/arm-none-eabi/10.2.1/../../../../arm-none-eabi/lib/thumb/v7-m/nofp\libc.a
LOAD c:/users/vd180005d/desktop/mips/gnu mcu/arm-none-eabi-gcc-10.2.1-1.1/bin/../lib/gcc/arm-none-eabi/10.2.1/../../../../arm-none-eabi/lib/thumb/v7-m/nofp\libm.a
LOAD c:/users/vd180005d/desktop/mips/gnu mcu/arm-none-eabi-gcc-10.2.1-1.1/bin/../lib/gcc/arm-none-eabi/10.2.1/thumb/v7-m/nofp\libgcc.a

.debug_info     0x0000000000000000     0xb233
 .debug_info    0x0000000000000000      0xa1b build/main.o
 .debug_info    0x0000000000000a1b      0x564 build/gpio.o
 .debug_info    0x0000000000000f7f      0xb73 build/stm32f1xx_it.o
 .debug_info    0x0000000000001af2      0x238 build/stm32f1xx_hal_msp.o
 .debug_info    0x0000000000001d2a     0x3df8 build/stm32f1xx_hal_tim.o
 .debug_info    0x0000000000005b22     0x1b67 build/stm32f1xx_hal_tim_ex.o
 .debug_info    0x0000000000007689      0x837 build/stm32f1xx_hal.o
 .debug_info    0x0000000000007ec0      0xaec build/stm32f1xx_hal_rcc.o
 .debug_info    0x00000000000089ac      0x6d7 build/stm32f1xx_hal_gpio.o
 .debug_info    0x0000000000009083      0xe0f build/stm32f1xx_hal_cortex.o
 .debug_info    0x0000000000009e92      0x26e build/system_stm32f1xx.o
 .debug_info    0x000000000000a100     0x1111 build/tim.o
 .debug_info    0x000000000000b211       0x22 build/startup_stm32f103x6_init.o

.debug_abbrev   0x0000000000000000     0x18f8
 .debug_abbrev  0x0000000000000000      0x21e build/main.o
 .debug_abbrev  0x000000000000021e      0x15c build/gpio.o
 .debug_abbrev  0x000000000000037a      0x206 build/stm32f1xx_it.o
 .debug_abbrev  0x0000000000000580       0xe7 build/stm32f1xx_hal_msp.o
 .debug_abbrev  0x0000000000000667      0x296 build/stm32f1xx_hal_tim.o
 .debug_abbrev  0x00000000000008fd      0x298 build/stm32f1xx_hal_tim_ex.o
 .debug_abbrev  0x0000000000000b95      0x1f7 build/stm32f1xx_hal.o
 .debug_abbrev  0x0000000000000d8c      0x29a build/stm32f1xx_hal_rcc.o
 .debug_abbrev  0x0000000000001026      0x222 build/stm32f1xx_hal_gpio.o
 .debug_abbrev  0x0000000000001248      0x359 build/stm32f1xx_hal_cortex.o
 .debug_abbrev  0x00000000000015a1      0x140 build/system_stm32f1xx.o
 .debug_abbrev  0x00000000000016e1      0x205 build/tim.o
 .debug_abbrev  0x00000000000018e6       0x12 build/startup_stm32f103x6_init.o

.debug_loc      0x0000000000000000     0x8ed1
 .debug_loc     0x0000000000000000       0x66 build/main.o
 .debug_loc     0x0000000000000066       0x38 build/gpio.o
 .debug_loc     0x000000000000009e      0x218 build/stm32f1xx_it.o
 .debug_loc     0x00000000000002b6       0x41 build/stm32f1xx_hal_msp.o
 .debug_loc     0x00000000000002f7     0x530c build/stm32f1xx_hal_tim.o
 .debug_loc     0x0000000000005603     0x1f3e build/stm32f1xx_hal_tim_ex.o
 .debug_loc     0x0000000000007541      0x1e1 build/stm32f1xx_hal.o
 .debug_loc     0x0000000000007722      0x7ee build/stm32f1xx_hal_rcc.o
 .debug_loc     0x0000000000007f10      0x511 build/stm32f1xx_hal_gpio.o
 .debug_loc     0x0000000000008421      0x77f build/stm32f1xx_hal_cortex.o
 .debug_loc     0x0000000000008ba0       0xff build/system_stm32f1xx.o
 .debug_loc     0x0000000000008c9f      0x232 build/tim.o

.debug_aranges  0x0000000000000000      0x928
 .debug_aranges
                0x0000000000000000       0x30 build/main.o
 .debug_aranges
                0x0000000000000030       0x20 build/gpio.o
 .debug_aranges
                0x0000000000000050       0x98 build/stm32f1xx_it.o
 .debug_aranges
                0x00000000000000e8       0x20 build/stm32f1xx_hal_msp.o
 .debug_aranges
                0x0000000000000108      0x3d0 build/stm32f1xx_hal_tim.o
 .debug_aranges
                0x00000000000004d8      0x168 build/stm32f1xx_hal_tim_ex.o
 .debug_aranges
                0x0000000000000640       0xe0 build/stm32f1xx_hal.o
 .debug_aranges
                0x0000000000000720       0x90 build/stm32f1xx_hal_rcc.o
 .debug_aranges
                0x00000000000007b0       0x58 build/stm32f1xx_hal_gpio.o
 .debug_aranges
                0x0000000000000808       0x90 build/stm32f1xx_hal_cortex.o
 .debug_aranges
                0x0000000000000898       0x28 build/system_stm32f1xx.o
 .debug_aranges
                0x00000000000008c0       0x40 build/tim.o
 .debug_aranges
                0x0000000000000900       0x28 build/startup_stm32f103x6_init.o

.debug_ranges   0x0000000000000000      0x8e0
 .debug_ranges  0x0000000000000000       0x20 build/main.o
 .debug_ranges  0x0000000000000020       0x10 build/gpio.o
 .debug_ranges  0x0000000000000030       0x88 build/stm32f1xx_it.o
 .debug_ranges  0x00000000000000b8       0x10 build/stm32f1xx_hal_msp.o
 .debug_ranges  0x00000000000000c8      0x3c0 build/stm32f1xx_hal_tim.o
 .debug_ranges  0x0000000000000488      0x158 build/stm32f1xx_hal_tim_ex.o
 .debug_ranges  0x00000000000005e0       0xd0 build/stm32f1xx_hal.o
 .debug_ranges  0x00000000000006b0       0xa0 build/stm32f1xx_hal_rcc.o
 .debug_ranges  0x0000000000000750       0x48 build/stm32f1xx_hal_gpio.o
 .debug_ranges  0x0000000000000798       0xe0 build/stm32f1xx_hal_cortex.o
 .debug_ranges  0x0000000000000878       0x18 build/system_stm32f1xx.o
 .debug_ranges  0x0000000000000890       0x30 build/tim.o
 .debug_ranges  0x00000000000008c0       0x20 build/startup_stm32f103x6_init.o

.debug_line     0x0000000000000000     0x9496
 .debug_line    0x0000000000000000      0x346 build/main.o
 .debug_line    0x0000000000000346      0x25c build/gpio.o
 .debug_line    0x00000000000005a2      0x5e1 build/stm32f1xx_it.o
 .debug_line    0x0000000000000b83      0x191 build/stm32f1xx_hal_msp.o
 .debug_line    0x0000000000000d14     0x462c build/stm32f1xx_hal_tim.o
 .debug_line    0x0000000000005340     0x1b43 build/stm32f1xx_hal_tim_ex.o
 .debug_line    0x0000000000006e83      0x548 build/stm32f1xx_hal.o
 .debug_line    0x00000000000073cb      0xc43 build/stm32f1xx_hal_rcc.o
 .debug_line    0x000000000000800e      0x5e3 build/stm32f1xx_hal_gpio.o
 .debug_line    0x00000000000085f1      0x650 build/stm32f1xx_hal_cortex.o
 .debug_line    0x0000000000008c41      0x25a build/system_stm32f1xx.o
 .debug_line    0x0000000000008e9b      0x575 build/tim.o
 .debug_line    0x0000000000009410       0x86 build/startup_stm32f103x6_init.o

.debug_str      0x0000000000000000     0x2cc9
 .debug_str     0x0000000000000000      0x79a build/main.o
                                        0x84b (size before relaxing)
 .debug_str     0x000000000000079a      0x3a6 build/gpio.o
                                        0x526 (size before relaxing)
 .debug_str     0x0000000000000b40      0x277 build/stm32f1xx_it.o
                                        0x8d5 (size before relaxing)
 .debug_str     0x0000000000000db7       0x5a build/stm32f1xx_hal_msp.o
                                        0x205 (size before relaxing)
 .debug_str     0x0000000000000e11      0xead build/stm32f1xx_hal_tim.o
                                       0x161e (size before relaxing)
 .debug_str     0x0000000000001cbe      0x594 build/stm32f1xx_hal_tim_ex.o
                                        0xe1f (size before relaxing)
 .debug_str     0x0000000000002252      0x30c build/stm32f1xx_hal.o
                                        0x7d0 (size before relaxing)
 .debug_str     0x000000000000255e      0x201 build/stm32f1xx_hal_rcc.o
                                        0x611 (size before relaxing)
 .debug_str     0x000000000000275f       0xde build/stm32f1xx_hal_gpio.o
                                        0x3e6 (size before relaxing)
 .debug_str     0x000000000000283d      0x3b2 build/stm32f1xx_hal_cortex.o
                                        0x87f (size before relaxing)
 .debug_str     0x0000000000002bef       0x52 build/system_stm32f1xx.o
                                        0x23a (size before relaxing)
 .debug_str     0x0000000000002c41       0x53 build/tim.o
                                        0xd40 (size before relaxing)
 .debug_str     0x0000000000002c94       0x35 build/startup_stm32f103x6_init.o
                                         0x67 (size before relaxing)

.comment        0x0000000000000000       0x44
 .comment       0x0000000000000000       0x44 build/main.o
                                         0x45 (size before relaxing)
 .comment       0x0000000000000044       0x45 build/gpio.o
 .comment       0x0000000000000044       0x45 build/stm32f1xx_it.o
 .comment       0x0000000000000044       0x45 build/stm32f1xx_hal_msp.o
 .comment       0x0000000000000044       0x45 build/stm32f1xx_hal_tim.o
 .comment       0x0000000000000044       0x45 build/stm32f1xx_hal_tim_ex.o
 .comment       0x0000000000000044       0x45 build/stm32f1xx_hal.o
 .comment       0x0000000000000044       0x45 build/stm32f1xx_hal_rcc.o
 .comment       0x0000000000000044       0x45 build/stm32f1xx_hal_gpio.o
 .comment       0x0000000000000044       0x45 build/stm32f1xx_hal_cortex.o
 .comment       0x0000000000000044       0x45 build/system_stm32f1xx.o
 .comment       0x0000000000000044       0x45 build/tim.o

.debug_frame    0x0000000000000000     0x17b4
 .debug_frame   0x0000000000000000       0x58 build/main.o
 .debug_frame   0x0000000000000058       0x38 build/gpio.o
 .debug_frame   0x0000000000000090      0x158 build/stm32f1xx_it.o
 .debug_frame   0x00000000000001e8       0x28 build/stm32f1xx_hal_msp.o
 .debug_frame   0x0000000000000210      0xb18 build/stm32f1xx_hal_tim.o
 .debug_frame   0x0000000000000d28      0x40c build/stm32f1xx_hal_tim_ex.o
 .debug_frame   0x0000000000001134      0x1cc build/stm32f1xx_hal.o
 .debug_frame   0x0000000000001300      0x190 build/stm32f1xx_hal_rcc.o
 .debug_frame   0x0000000000001490       0xe4 build/stm32f1xx_hal_gpio.o
 .debug_frame   0x0000000000001574      0x118 build/stm32f1xx_hal_cortex.o
 .debug_frame   0x000000000000168c       0x30 build/system_stm32f1xx.o
 .debug_frame   0x00000000000016bc       0xac build/tim.o
 .debug_frame   0x0000000000001768       0x2c c:/users/vd180005d/desktop/mips/gnu mcu/arm-none-eabi-gcc-10.2.1-1.1/bin/../lib/gcc/arm-none-eabi/10.2.1/../../../../arm-none-eabi/lib/thumb/v7-m/nofp\libc_nano.a(lib_a-init.o)
 .debug_frame   0x0000000000001794       0x20 c:/users/vd180005d/desktop/mips/gnu mcu/arm-none-eabi-gcc-10.2.1-1.1/bin/../lib/gcc/arm-none-eabi/10.2.1/../../../../arm-none-eabi/lib/thumb/v7-m/nofp\libc_nano.a(lib_a-memset.o)

Cross Reference Table

Symbol                                            File
ADC1_2_IRQHandler                                 build/startup_stm32f103x6_init.o
AHBPrescTable                                     build/system_stm32f1xx.o
                                                  build/stm32f1xx_hal_rcc.o
APBPrescTable                                     build/system_stm32f1xx.o
                                                  build/stm32f1xx_hal_rcc.o
BusFault_Handler                                  build/stm32f1xx_it.o
CAN1_RX1_IRQHandler                               build/startup_stm32f103x6_init.o
CAN1_SCE_IRQHandler                               build/startup_stm32f103x6_init.o
DMA1_Channel1_IRQHandler                          build/startup_stm32f103x6_init.o
DMA1_Channel2_IRQHandler                          build/startup_stm32f103x6_init.o
DMA1_Channel3_IRQHandler                          build/startup_stm32f103x6_init.o
DMA1_Channel4_IRQHandler                          build/startup_stm32f103x6_init.o
DMA1_Channel5_IRQHandler                          build/startup_stm32f103x6_init.o
DMA1_Channel6_IRQHandler                          build/startup_stm32f103x6_init.o
DMA1_Channel7_IRQHandler                          build/startup_stm32f103x6_init.o
DebugMon_Handler                                  build/stm32f1xx_it.o
Default_Handler                                   build/startup_stm32f103x6_init.o
EXTI0_IRQHandler                                  build/stm32f1xx_it.o
EXTI15_10_IRQHandler                              build/startup_stm32f103x6_init.o
EXTI1_IRQHandler                                  build/startup_stm32f103x6_init.o
EXTI2_IRQHandler                                  build/stm32f1xx_it.o
EXTI3_IRQHandler                                  build/startup_stm32f103x6_init.o
EXTI4_IRQHandler                                  build/startup_stm32f103x6_init.o
EXTI9_5_IRQHandler                                build/startup_stm32f103x6_init.o
Error_Handler                                     build/main.o
                                                  build/tim.o
FLASH_IRQHandler                                  build/startup_stm32f103x6_init.o
FLASH_PageErase                                   build/stm32f1xx_hal_flash_ex.o
                                                  build/stm32f1xx_hal_flash.o
FLASH_WaitForLastOperation                        build/stm32f1xx_hal_flash.o
                                                  build/stm32f1xx_hal_flash_ex.o
HAL_DBGMCU_DisableDBGSleepMode                    build/stm32f1xx_hal.o
HAL_DBGMCU_DisableDBGStandbyMode                  build/stm32f1xx_hal.o
HAL_DBGMCU_DisableDBGStopMode                     build/stm32f1xx_hal.o
HAL_DBGMCU_EnableDBGSleepMode                     build/stm32f1xx_hal.o
HAL_DBGMCU_EnableDBGStandbyMode                   build/stm32f1xx_hal.o
HAL_DBGMCU_EnableDBGStopMode                      build/stm32f1xx_hal.o
HAL_DMA_Abort                                     build/stm32f1xx_hal_dma.o
HAL_DMA_Abort_IT                                  build/stm32f1xx_hal_dma.o
                                                  build/stm32f1xx_hal_tim_ex.o
                                                  build/stm32f1xx_hal_tim.o
HAL_DMA_DeInit                                    build/stm32f1xx_hal_dma.o
HAL_DMA_GetError                                  build/stm32f1xx_hal_dma.o
HAL_DMA_GetState                                  build/stm32f1xx_hal_dma.o
HAL_DMA_IRQHandler                                build/stm32f1xx_hal_dma.o
HAL_DMA_Init                                      build/stm32f1xx_hal_dma.o
HAL_DMA_PollForTransfer                           build/stm32f1xx_hal_dma.o
HAL_DMA_RegisterCallback                          build/stm32f1xx_hal_dma.o
HAL_DMA_Start                                     build/stm32f1xx_hal_dma.o
HAL_DMA_Start_IT                                  build/stm32f1xx_hal_dma.o
                                                  build/stm32f1xx_hal_tim_ex.o
                                                  build/stm32f1xx_hal_tim.o
HAL_DMA_UnRegisterCallback                        build/stm32f1xx_hal_dma.o
HAL_DeInit                                        build/stm32f1xx_hal.o
HAL_Delay                                         build/stm32f1xx_hal.o
HAL_EXTI_ClearConfigLine                          build/stm32f1xx_hal_exti.o
HAL_EXTI_ClearPending                             build/stm32f1xx_hal_exti.o
HAL_EXTI_GenerateSWI                              build/stm32f1xx_hal_exti.o
HAL_EXTI_GetConfigLine                            build/stm32f1xx_hal_exti.o
HAL_EXTI_GetHandle                                build/stm32f1xx_hal_exti.o
HAL_EXTI_GetPending                               build/stm32f1xx_hal_exti.o
HAL_EXTI_IRQHandler                               build/stm32f1xx_hal_exti.o
HAL_EXTI_RegisterCallback                         build/stm32f1xx_hal_exti.o
HAL_EXTI_SetConfigLine                            build/stm32f1xx_hal_exti.o
HAL_FLASHEx_Erase                                 build/stm32f1xx_hal_flash_ex.o
HAL_FLASHEx_Erase_IT                              build/stm32f1xx_hal_flash_ex.o
HAL_FLASHEx_OBErase                               build/stm32f1xx_hal_flash_ex.o
HAL_FLASHEx_OBGetConfig                           build/stm32f1xx_hal_flash_ex.o
HAL_FLASHEx_OBGetUserData                         build/stm32f1xx_hal_flash_ex.o
HAL_FLASHEx_OBProgram                             build/stm32f1xx_hal_flash_ex.o
HAL_FLASH_EndOfOperationCallback                  build/stm32f1xx_hal_flash.o
HAL_FLASH_GetError                                build/stm32f1xx_hal_flash.o
HAL_FLASH_IRQHandler                              build/stm32f1xx_hal_flash.o
HAL_FLASH_Lock                                    build/stm32f1xx_hal_flash.o
HAL_FLASH_OB_Launch                               build/stm32f1xx_hal_flash.o
HAL_FLASH_OB_Lock                                 build/stm32f1xx_hal_flash.o
HAL_FLASH_OB_Unlock                               build/stm32f1xx_hal_flash.o
HAL_FLASH_OperationErrorCallback                  build/stm32f1xx_hal_flash.o
HAL_FLASH_Program                                 build/stm32f1xx_hal_flash.o
HAL_FLASH_Program_IT                              build/stm32f1xx_hal_flash.o
HAL_FLASH_Unlock                                  build/stm32f1xx_hal_flash.o
HAL_GPIOEx_ConfigEventout                         build/stm32f1xx_hal_gpio_ex.o
HAL_GPIOEx_DisableEventout                        build/stm32f1xx_hal_gpio_ex.o
HAL_GPIOEx_EnableEventout                         build/stm32f1xx_hal_gpio_ex.o
HAL_GPIO_DeInit                                   build/stm32f1xx_hal_gpio.o
                                                  build/tim.o
HAL_GPIO_EXTI_Callback                            build/stm32f1xx_it.o
HAL_GPIO_EXTI_IRQHandler                          build/stm32f1xx_hal_gpio.o
                                                  build/stm32f1xx_it.o
HAL_GPIO_Init                                     build/stm32f1xx_hal_gpio.o
                                                  build/tim.o
                                                  build/stm32f1xx_hal_rcc.o
                                                  build/gpio.o
HAL_GPIO_LockPin                                  build/stm32f1xx_hal_gpio.o
HAL_GPIO_ReadPin                                  build/stm32f1xx_hal_gpio.o
HAL_GPIO_TogglePin                                build/stm32f1xx_hal_gpio.o
                                                  build/stm32f1xx_it.o
HAL_GPIO_WritePin                                 build/stm32f1xx_hal_gpio.o
                                                  build/gpio.o
HAL_GetDEVID                                      build/stm32f1xx_hal.o
HAL_GetHalVersion                                 build/stm32f1xx_hal.o
HAL_GetREVID                                      build/stm32f1xx_hal.o
HAL_GetTick                                       build/stm32f1xx_hal.o
                                                  build/stm32f1xx_hal_flash.o
                                                  build/stm32f1xx_hal_dma.o
                                                  build/stm32f1xx_hal_rcc_ex.o
                                                  build/stm32f1xx_hal_rcc.o
HAL_GetTickFreq                                   build/stm32f1xx_hal.o
HAL_GetTickPrio                                   build/stm32f1xx_hal.o
HAL_GetUIDw0                                      build/stm32f1xx_hal.o
HAL_GetUIDw1                                      build/stm32f1xx_hal.o
HAL_GetUIDw2                                      build/stm32f1xx_hal.o
HAL_IncTick                                       build/stm32f1xx_hal.o
                                                  build/stm32f1xx_it.o
HAL_Init                                          build/stm32f1xx_hal.o
                                                  build/main.o
HAL_InitTick                                      build/stm32f1xx_hal.o
                                                  build/stm32f1xx_hal_rcc.o
HAL_MspDeInit                                     build/stm32f1xx_hal.o
HAL_MspInit                                       build/stm32f1xx_hal_msp.o
HAL_NVIC_ClearPendingIRQ                          build/stm32f1xx_hal_cortex.o
HAL_NVIC_DisableIRQ                               build/stm32f1xx_hal_cortex.o
                                                  build/tim.o
HAL_NVIC_EnableIRQ                                build/stm32f1xx_hal_cortex.o
                                                  build/tim.o
                                                  build/gpio.o
HAL_NVIC_GetActive                                build/stm32f1xx_hal_cortex.o
HAL_NVIC_GetPendingIRQ                            build/stm32f1xx_hal_cortex.o
HAL_NVIC_GetPriority                              build/stm32f1xx_hal_cortex.o
HAL_NVIC_GetPriorityGrouping                      build/stm32f1xx_hal_cortex.o
HAL_NVIC_SetPendingIRQ                            build/stm32f1xx_hal_cortex.o
HAL_NVIC_SetPriority                              build/stm32f1xx_hal_cortex.o
                                                  build/tim.o
                                                  build/stm32f1xx_hal.o
                                                  build/gpio.o
HAL_NVIC_SetPriorityGrouping                      build/stm32f1xx_hal_cortex.o
                                                  build/stm32f1xx_hal.o
HAL_NVIC_SystemReset                              build/stm32f1xx_hal_cortex.o
                                                  build/stm32f1xx_hal_flash.o
HAL_PWR_ConfigPVD                                 build/stm32f1xx_hal_pwr.o
HAL_PWR_DeInit                                    build/stm32f1xx_hal_pwr.o
HAL_PWR_DisableBkUpAccess                         build/stm32f1xx_hal_pwr.o
HAL_PWR_DisablePVD                                build/stm32f1xx_hal_pwr.o
HAL_PWR_DisableSEVOnPend                          build/stm32f1xx_hal_pwr.o
HAL_PWR_DisableSleepOnExit                        build/stm32f1xx_hal_pwr.o
HAL_PWR_DisableWakeUpPin                          build/stm32f1xx_hal_pwr.o
HAL_PWR_EnableBkUpAccess                          build/stm32f1xx_hal_pwr.o
HAL_PWR_EnablePVD                                 build/stm32f1xx_hal_pwr.o
HAL_PWR_EnableSEVOnPend                           build/stm32f1xx_hal_pwr.o
HAL_PWR_EnableSleepOnExit                         build/stm32f1xx_hal_pwr.o
HAL_PWR_EnableWakeUpPin                           build/stm32f1xx_hal_pwr.o
HAL_PWR_EnterSLEEPMode                            build/stm32f1xx_hal_pwr.o
HAL_PWR_EnterSTANDBYMode                          build/stm32f1xx_hal_pwr.o
HAL_PWR_EnterSTOPMode                             build/stm32f1xx_hal_pwr.o
HAL_PWR_PVDCallback                               build/stm32f1xx_hal_pwr.o
HAL_PWR_PVD_IRQHandler                            build/stm32f1xx_hal_pwr.o
HAL_RCCEx_GetPeriphCLKConfig                      build/stm32f1xx_hal_rcc_ex.o
HAL_RCCEx_GetPeriphCLKFreq                        build/stm32f1xx_hal_rcc_ex.o
HAL_RCCEx_PeriphCLKConfig                         build/stm32f1xx_hal_rcc_ex.o
HAL_RCC_CSSCallback                               build/stm32f1xx_hal_rcc.o
HAL_RCC_ClockConfig                               build/stm32f1xx_hal_rcc.o
                                                  build/main.o
HAL_RCC_DeInit                                    build/stm32f1xx_hal_rcc.o
HAL_RCC_DisableCSS                                build/stm32f1xx_hal_rcc.o
HAL_RCC_EnableCSS                                 build/stm32f1xx_hal_rcc.o
HAL_RCC_GetClockConfig                            build/stm32f1xx_hal_rcc.o
HAL_RCC_GetHCLKFreq                               build/stm32f1xx_hal_rcc.o
HAL_RCC_GetOscConfig                              build/stm32f1xx_hal_rcc.o
HAL_RCC_GetPCLK1Freq                              build/stm32f1xx_hal_rcc.o
HAL_RCC_GetPCLK2Freq                              build/stm32f1xx_hal_rcc.o
                                                  build/stm32f1xx_hal_rcc_ex.o
HAL_RCC_GetSysClockFreq                           build/stm32f1xx_hal_rcc.o
HAL_RCC_MCOConfig                                 build/stm32f1xx_hal_rcc.o
HAL_RCC_NMI_IRQHandler                            build/stm32f1xx_hal_rcc.o
HAL_RCC_OscConfig                                 build/stm32f1xx_hal_rcc.o
                                                  build/main.o
HAL_ResumeTick                                    build/stm32f1xx_hal.o
HAL_SYSTICK_CLKSourceConfig                       build/stm32f1xx_hal_cortex.o
HAL_SYSTICK_Callback                              build/stm32f1xx_hal_cortex.o
HAL_SYSTICK_Config                                build/stm32f1xx_hal_cortex.o
                                                  build/stm32f1xx_hal.o
HAL_SYSTICK_IRQHandler                            build/stm32f1xx_hal_cortex.o
HAL_SetTickFreq                                   build/stm32f1xx_hal.o
HAL_SuspendTick                                   build/stm32f1xx_hal.o
HAL_TIMEx_BreakCallback                           build/stm32f1xx_hal_tim_ex.o
                                                  build/stm32f1xx_hal_tim.o
HAL_TIMEx_CommutCallback                          build/stm32f1xx_hal_tim_ex.o
                                                  build/stm32f1xx_hal_tim.o
HAL_TIMEx_CommutHalfCpltCallback                  build/stm32f1xx_hal_tim_ex.o
HAL_TIMEx_ConfigBreakDeadTime                     build/stm32f1xx_hal_tim_ex.o
                                                  build/tim.o
HAL_TIMEx_ConfigCommutEvent                       build/stm32f1xx_hal_tim_ex.o
HAL_TIMEx_ConfigCommutEvent_DMA                   build/stm32f1xx_hal_tim_ex.o
HAL_TIMEx_ConfigCommutEvent_IT                    build/stm32f1xx_hal_tim_ex.o
HAL_TIMEx_GetChannelNState                        build/stm32f1xx_hal_tim_ex.o
HAL_TIMEx_HallSensor_DeInit                       build/stm32f1xx_hal_tim_ex.o
HAL_TIMEx_HallSensor_GetState                     build/stm32f1xx_hal_tim_ex.o
HAL_TIMEx_HallSensor_Init                         build/stm32f1xx_hal_tim_ex.o
HAL_TIMEx_HallSensor_MspDeInit                    build/stm32f1xx_hal_tim_ex.o
HAL_TIMEx_HallSensor_MspInit                      build/stm32f1xx_hal_tim_ex.o
HAL_TIMEx_HallSensor_Start                        build/stm32f1xx_hal_tim_ex.o
HAL_TIMEx_HallSensor_Start_DMA                    build/stm32f1xx_hal_tim_ex.o
HAL_TIMEx_HallSensor_Start_IT                     build/stm32f1xx_hal_tim_ex.o
HAL_TIMEx_HallSensor_Stop                         build/stm32f1xx_hal_tim_ex.o
HAL_TIMEx_HallSensor_Stop_DMA                     build/stm32f1xx_hal_tim_ex.o
HAL_TIMEx_HallSensor_Stop_IT                      build/stm32f1xx_hal_tim_ex.o
HAL_TIMEx_MasterConfigSynchronization             build/stm32f1xx_hal_tim_ex.o
                                                  build/tim.o
HAL_TIMEx_OCN_Start                               build/stm32f1xx_hal_tim_ex.o
HAL_TIMEx_OCN_Start_DMA                           build/stm32f1xx_hal_tim_ex.o
HAL_TIMEx_OCN_Start_IT                            build/stm32f1xx_hal_tim_ex.o
HAL_TIMEx_OCN_Stop                                build/stm32f1xx_hal_tim_ex.o
HAL_TIMEx_OCN_Stop_DMA                            build/stm32f1xx_hal_tim_ex.o
HAL_TIMEx_OCN_Stop_IT                             build/stm32f1xx_hal_tim_ex.o
HAL_TIMEx_OnePulseN_Start                         build/stm32f1xx_hal_tim_ex.o
HAL_TIMEx_OnePulseN_Start_IT                      build/stm32f1xx_hal_tim_ex.o
HAL_TIMEx_OnePulseN_Stop                          build/stm32f1xx_hal_tim_ex.o
HAL_TIMEx_OnePulseN_Stop_IT                       build/stm32f1xx_hal_tim_ex.o
HAL_TIMEx_PWMN_Start                              build/stm32f1xx_hal_tim_ex.o
HAL_TIMEx_PWMN_Start_DMA                          build/stm32f1xx_hal_tim_ex.o
HAL_TIMEx_PWMN_Start_IT                           build/stm32f1xx_hal_tim_ex.o
HAL_TIMEx_PWMN_Stop                               build/stm32f1xx_hal_tim_ex.o
HAL_TIMEx_PWMN_Stop_DMA                           build/stm32f1xx_hal_tim_ex.o
HAL_TIMEx_PWMN_Stop_IT                            build/stm32f1xx_hal_tim_ex.o
HAL_TIMEx_RemapConfig                             build/stm32f1xx_hal_tim_ex.o
HAL_TIM_Base_DeInit                               build/stm32f1xx_hal_tim.o
HAL_TIM_Base_GetState                             build/stm32f1xx_hal_tim.o
HAL_TIM_Base_Init                                 build/stm32f1xx_hal_tim.o
                                                  build/tim.o
HAL_TIM_Base_MspDeInit                            build/tim.o
                                                  build/stm32f1xx_hal_tim.o
HAL_TIM_Base_MspInit                              build/tim.o
                                                  build/stm32f1xx_hal_tim.o
HAL_TIM_Base_Start                                build/stm32f1xx_hal_tim.o
HAL_TIM_Base_Start_DMA                            build/stm32f1xx_hal_tim.o
HAL_TIM_Base_Start_IT                             build/stm32f1xx_hal_tim.o
                                                  build/main.o
HAL_TIM_Base_Stop                                 build/stm32f1xx_hal_tim.o
HAL_TIM_Base_Stop_DMA                             build/stm32f1xx_hal_tim.o
HAL_TIM_Base_Stop_IT                              build/stm32f1xx_hal_tim.o
HAL_TIM_ConfigClockSource                         build/stm32f1xx_hal_tim.o
                                                  build/tim.o
HAL_TIM_ConfigOCrefClear                          build/stm32f1xx_hal_tim.o
HAL_TIM_ConfigTI1Input                            build/stm32f1xx_hal_tim.o
HAL_TIM_DMABurstState                             build/stm32f1xx_hal_tim.o
HAL_TIM_DMABurst_MultiReadStart                   build/stm32f1xx_hal_tim.o
HAL_TIM_DMABurst_MultiWriteStart                  build/stm32f1xx_hal_tim.o
HAL_TIM_DMABurst_ReadStart                        build/stm32f1xx_hal_tim.o
HAL_TIM_DMABurst_ReadStop                         build/stm32f1xx_hal_tim.o
HAL_TIM_DMABurst_WriteStart                       build/stm32f1xx_hal_tim.o
HAL_TIM_DMABurst_WriteStop                        build/stm32f1xx_hal_tim.o
HAL_TIM_Encoder_DeInit                            build/stm32f1xx_hal_tim.o
HAL_TIM_Encoder_GetState                          build/stm32f1xx_hal_tim.o
HAL_TIM_Encoder_Init                              build/stm32f1xx_hal_tim.o
HAL_TIM_Encoder_MspDeInit                         build/stm32f1xx_hal_tim.o
HAL_TIM_Encoder_MspInit                           build/stm32f1xx_hal_tim.o
HAL_TIM_Encoder_Start                             build/stm32f1xx_hal_tim.o
HAL_TIM_Encoder_Start_DMA                         build/stm32f1xx_hal_tim.o
HAL_TIM_Encoder_Start_IT                          build/stm32f1xx_hal_tim.o
HAL_TIM_Encoder_Stop                              build/stm32f1xx_hal_tim.o
HAL_TIM_Encoder_Stop_DMA                          build/stm32f1xx_hal_tim.o
HAL_TIM_Encoder_Stop_IT                           build/stm32f1xx_hal_tim.o
HAL_TIM_ErrorCallback                             build/stm32f1xx_hal_tim.o
                                                  build/stm32f1xx_hal_tim_ex.o
HAL_TIM_GenerateEvent                             build/stm32f1xx_hal_tim.o
HAL_TIM_GetActiveChannel                          build/stm32f1xx_hal_tim.o
HAL_TIM_GetChannelState                           build/stm32f1xx_hal_tim.o
HAL_TIM_IC_CaptureCallback                        build/stm32f1xx_it.o
HAL_TIM_IC_CaptureHalfCpltCallback                build/stm32f1xx_hal_tim.o
HAL_TIM_IC_ConfigChannel                          build/stm32f1xx_hal_tim.o
                                                  build/tim.o
HAL_TIM_IC_DeInit                                 build/stm32f1xx_hal_tim.o
HAL_TIM_IC_GetState                               build/stm32f1xx_hal_tim.o
HAL_TIM_IC_Init                                   build/stm32f1xx_hal_tim.o
                                                  build/tim.o
HAL_TIM_IC_MspDeInit                              build/stm32f1xx_hal_tim.o
HAL_TIM_IC_MspInit                                build/stm32f1xx_hal_tim.o
HAL_TIM_IC_Start                                  build/stm32f1xx_hal_tim.o
HAL_TIM_IC_Start_DMA                              build/stm32f1xx_hal_tim.o
HAL_TIM_IC_Start_IT                               build/stm32f1xx_hal_tim.o
                                                  build/main.o
HAL_TIM_IC_Stop                                   build/stm32f1xx_hal_tim.o
HAL_TIM_IC_Stop_DMA                               build/stm32f1xx_hal_tim.o
HAL_TIM_IC_Stop_IT                                build/stm32f1xx_hal_tim.o
HAL_TIM_IRQHandler                                build/stm32f1xx_hal_tim.o
                                                  build/stm32f1xx_it.o
HAL_TIM_MspPostInit                               build/tim.o
HAL_TIM_OC_ConfigChannel                          build/stm32f1xx_hal_tim.o
HAL_TIM_OC_DeInit                                 build/stm32f1xx_hal_tim.o
HAL_TIM_OC_DelayElapsedCallback                   build/stm32f1xx_hal_tim.o
HAL_TIM_OC_GetState                               build/stm32f1xx_hal_tim.o
HAL_TIM_OC_Init                                   build/stm32f1xx_hal_tim.o
HAL_TIM_OC_MspDeInit                              build/stm32f1xx_hal_tim.o
HAL_TIM_OC_MspInit                                build/stm32f1xx_hal_tim.o
HAL_TIM_OC_Start                                  build/stm32f1xx_hal_tim.o
                                                  build/main.o
HAL_TIM_OC_Start_DMA                              build/stm32f1xx_hal_tim.o
HAL_TIM_OC_Start_IT                               build/stm32f1xx_hal_tim.o
HAL_TIM_OC_Stop                                   build/stm32f1xx_hal_tim.o
HAL_TIM_OC_Stop_DMA                               build/stm32f1xx_hal_tim.o
HAL_TIM_OC_Stop_IT                                build/stm32f1xx_hal_tim.o
HAL_TIM_OnePulse_ConfigChannel                    build/stm32f1xx_hal_tim.o
HAL_TIM_OnePulse_DeInit                           build/stm32f1xx_hal_tim.o
HAL_TIM_OnePulse_GetState                         build/stm32f1xx_hal_tim.o
HAL_TIM_OnePulse_Init                             build/stm32f1xx_hal_tim.o
HAL_TIM_OnePulse_MspDeInit                        build/stm32f1xx_hal_tim.o
HAL_TIM_OnePulse_MspInit                          build/stm32f1xx_hal_tim.o
HAL_TIM_OnePulse_Start                            build/stm32f1xx_hal_tim.o
HAL_TIM_OnePulse_Start_IT                         build/stm32f1xx_hal_tim.o
HAL_TIM_OnePulse_Stop                             build/stm32f1xx_hal_tim.o
HAL_TIM_OnePulse_Stop_IT                          build/stm32f1xx_hal_tim.o
HAL_TIM_PWM_ConfigChannel                         build/stm32f1xx_hal_tim.o
                                                  build/tim.o
HAL_TIM_PWM_DeInit                                build/stm32f1xx_hal_tim.o
HAL_TIM_PWM_GetState                              build/stm32f1xx_hal_tim.o
HAL_TIM_PWM_Init                                  build/stm32f1xx_hal_tim.o
                                                  build/tim.o
HAL_TIM_PWM_MspDeInit                             build/stm32f1xx_hal_tim.o
HAL_TIM_PWM_MspInit                               build/stm32f1xx_hal_tim.o
HAL_TIM_PWM_PulseFinishedCallback                 build/stm32f1xx_hal_tim.o
                                                  build/stm32f1xx_hal_tim_ex.o
HAL_TIM_PWM_PulseFinishedHalfCpltCallback         build/stm32f1xx_hal_tim.o
HAL_TIM_PWM_Start                                 build/stm32f1xx_hal_tim.o
HAL_TIM_PWM_Start_DMA                             build/stm32f1xx_hal_tim.o
HAL_TIM_PWM_Start_IT                              build/stm32f1xx_hal_tim.o
HAL_TIM_PWM_Stop                                  build/stm32f1xx_hal_tim.o
HAL_TIM_PWM_Stop_DMA                              build/stm32f1xx_hal_tim.o
HAL_TIM_PWM_Stop_IT                               build/stm32f1xx_hal_tim.o
HAL_TIM_PeriodElapsedCallback                     build/stm32f1xx_it.o
HAL_TIM_PeriodElapsedHalfCpltCallback             build/stm32f1xx_hal_tim.o
HAL_TIM_ReadCapturedValue                         build/stm32f1xx_hal_tim.o
                                                  build/stm32f1xx_it.o
HAL_TIM_SlaveConfigSynchro                        build/stm32f1xx_hal_tim.o
HAL_TIM_SlaveConfigSynchro_IT                     build/stm32f1xx_hal_tim.o
HAL_TIM_TriggerCallback                           build/stm32f1xx_hal_tim.o
HAL_TIM_TriggerHalfCpltCallback                   build/stm32f1xx_hal_tim.o
HardFault_Handler                                 build/stm32f1xx_it.o
I2C1_ER_IRQHandler                                build/startup_stm32f103x6_init.o
I2C1_EV_IRQHandler                                build/startup_stm32f103x6_init.o
MX_GPIO_Init                                      build/gpio.o
                                                  build/main.o
MX_TIM1_Init                                      build/tim.o
                                                  build/main.o
MX_TIM3_Init                                      build/tim.o
                                                  build/main.o
MemManage_Handler                                 build/stm32f1xx_it.o
NMI_Handler                                       build/stm32f1xx_it.o
PVD_IRQHandler                                    build/startup_stm32f103x6_init.o
PendSV_Handler                                    build/stm32f1xx_it.o
RCC_IRQHandler                                    build/startup_stm32f103x6_init.o
RTC_Alarm_IRQHandler                              build/startup_stm32f103x6_init.o
RTC_IRQHandler                                    build/startup_stm32f103x6_init.o
Reset_Handler                                     build/startup_stm32f103x6_init.o
SPI1_IRQHandler                                   build/startup_stm32f103x6_init.o
SVC_Handler                                       build/stm32f1xx_it.o
SysTick_Handler                                   build/stm32f1xx_it.o
SystemClock_Config                                build/main.o
SystemCoreClock                                   build/system_stm32f1xx.o
                                                  build/stm32f1xx_hal_rcc.o
                                                  build/stm32f1xx_hal.o
SystemCoreClockUpdate                             build/system_stm32f1xx.o
SystemInit                                        build/system_stm32f1xx.o
                                                  build/startup_stm32f103x6_init.o
TAMPER_IRQHandler                                 build/startup_stm32f103x6_init.o
TIM1_BRK_IRQHandler                               build/startup_stm32f103x6_init.o
TIM1_CC_IRQHandler                                build/startup_stm32f103x6_init.o
TIM1_TRG_COM_IRQHandler                           build/startup_stm32f103x6_init.o
TIM1_UP_IRQHandler                                build/stm32f1xx_it.o
TIM2_IRQHandler                                   build/startup_stm32f103x6_init.o
TIM3_IRQHandler                                   build/stm32f1xx_it.o
TIMEx_DMACommutationCplt                          build/stm32f1xx_hal_tim_ex.o
                                                  build/stm32f1xx_hal_tim.o
TIMEx_DMACommutationHalfCplt                      build/stm32f1xx_hal_tim_ex.o
                                                  build/stm32f1xx_hal_tim.o
TIM_Base_SetConfig                                build/stm32f1xx_hal_tim.o
                                                  build/stm32f1xx_hal_tim_ex.o
TIM_CCxChannelCmd                                 build/stm32f1xx_hal_tim.o
                                                  build/stm32f1xx_hal_tim_ex.o
TIM_DMACaptureCplt                                build/stm32f1xx_hal_tim.o
                                                  build/stm32f1xx_hal_tim_ex.o
TIM_DMACaptureHalfCplt                            build/stm32f1xx_hal_tim.o
                                                  build/stm32f1xx_hal_tim_ex.o
TIM_DMADelayPulseHalfCplt                         build/stm32f1xx_hal_tim.o
                                                  build/stm32f1xx_hal_tim_ex.o
TIM_DMAError                                      build/stm32f1xx_hal_tim.o
                                                  build/stm32f1xx_hal_tim_ex.o
TIM_ETR_SetConfig                                 build/stm32f1xx_hal_tim.o
TIM_OC2_SetConfig                                 build/stm32f1xx_hal_tim.o
                                                  build/stm32f1xx_hal_tim_ex.o
TIM_TI1_SetConfig                                 build/stm32f1xx_hal_tim.o
                                                  build/stm32f1xx_hal_tim_ex.o
USART1_IRQHandler                                 build/startup_stm32f103x6_init.o
USART2_IRQHandler                                 build/startup_stm32f103x6_init.o
USBWakeUp_IRQHandler                              build/startup_stm32f103x6_init.o
USB_HP_CAN1_TX_IRQHandler                         build/startup_stm32f103x6_init.o
USB_LP_CAN1_RX0_IRQHandler                        build/startup_stm32f103x6_init.o
UsageFault_Handler                                build/stm32f1xx_it.o
WWDG_IRQHandler                                   build/startup_stm32f103x6_init.o
__bss_end__                                       c:/users/vd180005d/desktop/mips/gnu mcu/arm-none-eabi-gcc-10.2.1-1.1/bin/../lib/gcc/arm-none-eabi/10.2.1/../../../../arm-none-eabi/lib/thumb/v7-m/nofp/crt0.o
__bss_start__                                     c:/users/vd180005d/desktop/mips/gnu mcu/arm-none-eabi-gcc-10.2.1-1.1/bin/../lib/gcc/arm-none-eabi/10.2.1/../../../../arm-none-eabi/lib/thumb/v7-m/nofp/crt0.o
__call_exitprocs                                  c:/users/vd180005d/desktop/mips/gnu mcu/arm-none-eabi-gcc-10.2.1-1.1/bin/../lib/gcc/arm-none-eabi/10.2.1/../../../../arm-none-eabi/lib/thumb/v7-m/nofp\libc_nano.a(lib_a-exit.o)
__deregister_frame_info                           c:/users/vd180005d/desktop/mips/gnu mcu/arm-none-eabi-gcc-10.2.1-1.1/bin/../lib/gcc/arm-none-eabi/10.2.1/thumb/v7-m/nofp/crtbegin.o
__dso_handle                                      c:/users/vd180005d/desktop/mips/gnu mcu/arm-none-eabi-gcc-10.2.1-1.1/bin/../lib/gcc/arm-none-eabi/10.2.1/thumb/v7-m/nofp/crtbegin.o
__init_array_end                                  c:/users/vd180005d/desktop/mips/gnu mcu/arm-none-eabi-gcc-10.2.1-1.1/bin/../lib/gcc/arm-none-eabi/10.2.1/../../../../arm-none-eabi/lib/thumb/v7-m/nofp\libc_nano.a(lib_a-init.o)
__init_array_start                                c:/users/vd180005d/desktop/mips/gnu mcu/arm-none-eabi-gcc-10.2.1-1.1/bin/../lib/gcc/arm-none-eabi/10.2.1/../../../../arm-none-eabi/lib/thumb/v7-m/nofp\libc_nano.a(lib_a-init.o)
__libc_fini_array                                 c:/users/vd180005d/desktop/mips/gnu mcu/arm-none-eabi-gcc-10.2.1-1.1/bin/../lib/gcc/arm-none-eabi/10.2.1/../../../../arm-none-eabi/lib/thumb/v7-m/nofp/crt0.o
__libc_init_array                                 c:/users/vd180005d/desktop/mips/gnu mcu/arm-none-eabi-gcc-10.2.1-1.1/bin/../lib/gcc/arm-none-eabi/10.2.1/../../../../arm-none-eabi/lib/thumb/v7-m/nofp\libc_nano.a(lib_a-init.o)
                                                  build/startup_stm32f103x6_init.o
                                                  c:/users/vd180005d/desktop/mips/gnu mcu/arm-none-eabi-gcc-10.2.1-1.1/bin/../lib/gcc/arm-none-eabi/10.2.1/../../../../arm-none-eabi/lib/thumb/v7-m/nofp/crt0.o
__preinit_array_end                               c:/users/vd180005d/desktop/mips/gnu mcu/arm-none-eabi-gcc-10.2.1-1.1/bin/../lib/gcc/arm-none-eabi/10.2.1/../../../../arm-none-eabi/lib/thumb/v7-m/nofp\libc_nano.a(lib_a-init.o)
__preinit_array_start                             c:/users/vd180005d/desktop/mips/gnu mcu/arm-none-eabi-gcc-10.2.1-1.1/bin/../lib/gcc/arm-none-eabi/10.2.1/../../../../arm-none-eabi/lib/thumb/v7-m/nofp\libc_nano.a(lib_a-init.o)
__register_frame_info                             c:/users/vd180005d/desktop/mips/gnu mcu/arm-none-eabi-gcc-10.2.1-1.1/bin/../lib/gcc/arm-none-eabi/10.2.1/thumb/v7-m/nofp/crtbegin.o
__sf_fake_stderr                                  c:/users/vd180005d/desktop/mips/gnu mcu/arm-none-eabi-gcc-10.2.1-1.1/bin/../lib/gcc/arm-none-eabi/10.2.1/../../../../arm-none-eabi/lib/thumb/v7-m/nofp\libc_nano.a(lib_a-impure.o)
__sf_fake_stdin                                   c:/users/vd180005d/desktop/mips/gnu mcu/arm-none-eabi-gcc-10.2.1-1.1/bin/../lib/gcc/arm-none-eabi/10.2.1/../../../../arm-none-eabi/lib/thumb/v7-m/nofp\libc_nano.a(lib_a-impure.o)
__sf_fake_stdout                                  c:/users/vd180005d/desktop/mips/gnu mcu/arm-none-eabi-gcc-10.2.1-1.1/bin/../lib/gcc/arm-none-eabi/10.2.1/../../../../arm-none-eabi/lib/thumb/v7-m/nofp\libc_nano.a(lib_a-impure.o)
__stack                                           c:/users/vd180005d/desktop/mips/gnu mcu/arm-none-eabi-gcc-10.2.1-1.1/bin/../lib/gcc/arm-none-eabi/10.2.1/../../../../arm-none-eabi/lib/thumb/v7-m/nofp/crt0.o
_ebss                                             build/startup_stm32f103x6_init.o
_edata                                            build/startup_stm32f103x6_init.o
_estack                                           build/startup_stm32f103x6_init.o
_exit                                             c:/users/vd180005d/desktop/mips/gnu mcu/arm-none-eabi-gcc-10.2.1-1.1/bin/../lib/gcc/arm-none-eabi/10.2.1/../../../../arm-none-eabi/lib/thumb/v7-m/nofp\libnosys.a(_exit.o)
                                                  c:/users/vd180005d/desktop/mips/gnu mcu/arm-none-eabi-gcc-10.2.1-1.1/bin/../lib/gcc/arm-none-eabi/10.2.1/../../../../arm-none-eabi/lib/thumb/v7-m/nofp\libc_nano.a(lib_a-exit.o)
_fini                                             c:/users/vd180005d/desktop/mips/gnu mcu/arm-none-eabi-gcc-10.2.1-1.1/bin/../lib/gcc/arm-none-eabi/10.2.1/thumb/v7-m/nofp/crti.o
_global_impure_ptr                                c:/users/vd180005d/desktop/mips/gnu mcu/arm-none-eabi-gcc-10.2.1-1.1/bin/../lib/gcc/arm-none-eabi/10.2.1/../../../../arm-none-eabi/lib/thumb/v7-m/nofp\libc_nano.a(lib_a-impure.o)
                                                  c:/users/vd180005d/desktop/mips/gnu mcu/arm-none-eabi-gcc-10.2.1-1.1/bin/../lib/gcc/arm-none-eabi/10.2.1/../../../../arm-none-eabi/lib/thumb/v7-m/nofp\libc_nano.a(lib_a-exit.o)
_impure_ptr                                       c:/users/vd180005d/desktop/mips/gnu mcu/arm-none-eabi-gcc-10.2.1-1.1/bin/../lib/gcc/arm-none-eabi/10.2.1/../../../../arm-none-eabi/lib/thumb/v7-m/nofp\libc_nano.a(lib_a-impure.o)
_init                                             c:/users/vd180005d/desktop/mips/gnu mcu/arm-none-eabi-gcc-10.2.1-1.1/bin/../lib/gcc/arm-none-eabi/10.2.1/thumb/v7-m/nofp/crti.o
                                                  c:/users/vd180005d/desktop/mips/gnu mcu/arm-none-eabi-gcc-10.2.1-1.1/bin/../lib/gcc/arm-none-eabi/10.2.1/../../../../arm-none-eabi/lib/thumb/v7-m/nofp\libc_nano.a(lib_a-init.o)
_mainCRTStartup                                   c:/users/vd180005d/desktop/mips/gnu mcu/arm-none-eabi-gcc-10.2.1-1.1/bin/../lib/gcc/arm-none-eabi/10.2.1/../../../../arm-none-eabi/lib/thumb/v7-m/nofp/crt0.o
_sbss                                             build/startup_stm32f103x6_init.o
_sdata                                            build/startup_stm32f103x6_init.o
_sidata                                           build/startup_stm32f103x6_init.o
_stack_init                                       c:/users/vd180005d/desktop/mips/gnu mcu/arm-none-eabi-gcc-10.2.1-1.1/bin/../lib/gcc/arm-none-eabi/10.2.1/../../../../arm-none-eabi/lib/thumb/v7-m/nofp/crt0.o
_start                                            c:/users/vd180005d/desktop/mips/gnu mcu/arm-none-eabi-gcc-10.2.1-1.1/bin/../lib/gcc/arm-none-eabi/10.2.1/../../../../arm-none-eabi/lib/thumb/v7-m/nofp/crt0.o
atexit                                            c:/users/vd180005d/desktop/mips/gnu mcu/arm-none-eabi-gcc-10.2.1-1.1/bin/../lib/gcc/arm-none-eabi/10.2.1/../../../../arm-none-eabi/lib/thumb/v7-m/nofp/crt0.o
cifre                                             build/stm32f1xx_it.o
compareRegisterValue                              build/stm32f1xx_it.o
exit                                              c:/users/vd180005d/desktop/mips/gnu mcu/arm-none-eabi-gcc-10.2.1-1.1/bin/../lib/gcc/arm-none-eabi/10.2.1/../../../../arm-none-eabi/lib/thumb/v7-m/nofp\libc_nano.a(lib_a-exit.o)
                                                  c:/users/vd180005d/desktop/mips/gnu mcu/arm-none-eabi-gcc-10.2.1-1.1/bin/../lib/gcc/arm-none-eabi/10.2.1/../../../../arm-none-eabi/lib/thumb/v7-m/nofp/crt0.o
frequency                                         build/stm32f1xx_it.o
g_pfnVectors                                      build/startup_stm32f103x6_init.o
hardware_init_hook                                c:/users/vd180005d/desktop/mips/gnu mcu/arm-none-eabi-gcc-10.2.1-1.1/bin/../lib/gcc/arm-none-eabi/10.2.1/../../../../arm-none-eabi/lib/thumb/v7-m/nofp/crt0.o
htim1                                             build/tim.o
                                                  build/stm32f1xx_it.o
                                                  build/main.o
htim3                                             build/tim.o
                                                  build/stm32f1xx_it.o
                                                  build/main.o
main                                              build/main.o
                                                  build/startup_stm32f103x6_init.o
                                                  c:/users/vd180005d/desktop/mips/gnu mcu/arm-none-eabi-gcc-10.2.1-1.1/bin/../lib/gcc/arm-none-eabi/10.2.1/../../../../arm-none-eabi/lib/thumb/v7-m/nofp/crt0.o
memset                                            c:/users/vd180005d/desktop/mips/gnu mcu/arm-none-eabi-gcc-10.2.1-1.1/bin/../lib/gcc/arm-none-eabi/10.2.1/../../../../arm-none-eabi/lib/thumb/v7-m/nofp\libc_nano.a(lib_a-memset.o)
                                                  build/tim.o
                                                  build/main.o
                                                  c:/users/vd180005d/desktop/mips/gnu mcu/arm-none-eabi-gcc-10.2.1-1.1/bin/../lib/gcc/arm-none-eabi/10.2.1/../../../../arm-none-eabi/lib/thumb/v7-m/nofp/crt0.o
overflowCounter                                   build/stm32f1xx_it.o
pFlash                                            build/stm32f1xx_hal_flash.o
                                                  build/stm32f1xx_hal_flash_ex.o
seven_seg                                         build/stm32f1xx_it.o
software_init_hook                                c:/users/vd180005d/desktop/mips/gnu mcu/arm-none-eabi-gcc-10.2.1-1.1/bin/../lib/gcc/arm-none-eabi/10.2.1/../../../../arm-none-eabi/lib/thumb/v7-m/nofp/crt0.o
state                                             build/stm32f1xx_it.o
tekuca                                            build/stm32f1xx_it.o
ticksElapsedActive                                build/stm32f1xx_it.o
ticksElapsedPeriod                                build/stm32f1xx_it.o
timestampEnd                                      build/stm32f1xx_it.o
timestampFall                                     build/stm32f1xx_it.o
timestampStart                                    build/stm32f1xx_it.o
uwTick                                            build/stm32f1xx_hal.o
uwTickFreq                                        build/stm32f1xx_hal.o
uwTickPrio                                        build/stm32f1xx_hal.o
                                                  build/stm32f1xx_hal_rcc.o
